-- The C compiler identification is GNU 11.4.0
-- The CXX compiler identification is GNU 11.4.0
-- Detecting C compiler ABI info
-- Detecting C compiler ABI info - done
-- Check for working C compiler: /usr/bin/cc - skipped
-- Detecting C compile features
-- Detecting C compile features - done
-- Detecting CXX compiler ABI info
-- Detecting CXX compiler ABI info - done
-- Check for working CXX compiler: /usr/bin/c++ - skipped
-- Detecting CXX compile features
-- Detecting CXX compile features - done
-- Found ament_cmake: 1.3.11 (/opt/ros/humble/share/ament_cmake/cmake)
-- Found Python3: /usr/bin/python3 (found version "3.10.12") found components: Interpreter
-- Found ament_lint_auto: 0.12.12 (/opt/ros/humble/share/ament_lint_auto/cmake)
-- Added test 'cppcheck' to perform static code analysis on C / C++ code
-- Configured cppcheck include dirs: 
-- Configured cppcheck exclude dirs and/or files: 
-- Added test 'flake8' to check Python code syntax and style conventions
-- Added test 'lint_cmake' to check CMake code style
-- Added test 'pep257' to check Python code against some of the docstring style conventions in PEP 257
-- Added test 'uncrustify' to check C / C++ code style
-- Configured uncrustify additional arguments: 
-- Added test 'xmllint' to check XML markup files
-- Configuring done (0.5s)
-- Generating done (0.0s)
-- Build files have been written to: /home/robotics/ur16_ros2_ws/src/ros2_robot_driver/build/ros2_robot_driver
-- Install configuration: ""
-- Installing: /home/robotics/ur16_ros2_ws/src/ros2_robot_driver/install/ros2_robot_driver/share/ament_index/resource_index/package_run_dependencies/ros2_robot_driver
-- Installing: /home/robotics/ur16_ros2_ws/src/ros2_robot_driver/install/ros2_robot_driver/share/ament_index/resource_index/parent_prefix_path/ros2_robot_driver
-- Installing: /home/robotics/ur16_ros2_ws/src/ros2_robot_driver/install/ros2_robot_driver/share/ros2_robot_driver/environment/ament_prefix_path.sh
-- Installing: /home/robotics/ur16_ros2_ws/src/ros2_robot_driver/install/ros2_robot_driver/share/ros2_robot_driver/environment/ament_prefix_path.dsv
-- Installing: /home/robotics/ur16_ros2_ws/src/ros2_robot_driver/install/ros2_robot_driver/share/ros2_robot_driver/environment/path.sh
-- Installing: /home/robotics/ur16_ros2_ws/src/ros2_robot_driver/install/ros2_robot_driver/share/ros2_robot_driver/environment/path.dsv
-- Installing: /home/robotics/ur16_ros2_ws/src/ros2_robot_driver/install/ros2_robot_driver/share/ros2_robot_driver/local_setup.bash
-- Installing: /home/robotics/ur16_ros2_ws/src/ros2_robot_driver/install/ros2_robot_driver/share/ros2_robot_driver/local_setup.sh
-- Installing: /home/robotics/ur16_ros2_ws/src/ros2_robot_driver/install/ros2_robot_driver/share/ros2_robot_driver/local_setup.zsh
-- Installing: /home/robotics/ur16_ros2_ws/src/ros2_robot_driver/install/ros2_robot_driver/share/ros2_robot_driver/local_setup.dsv
-- Installing: /home/robotics/ur16_ros2_ws/src/ros2_robot_driver/install/ros2_robot_driver/share/ros2_robot_driver/package.dsv
-- Installing: /home/robotics/ur16_ros2_ws/src/ros2_robot_driver/install/ros2_robot_driver/share/ament_index/resource_index/packages/ros2_robot_driver
-- Installing: /home/robotics/ur16_ros2_ws/src/ros2_robot_driver/install/ros2_robot_driver/share/ros2_robot_driver/cmake/ros2_robot_driverConfig.cmake
-- Installing: /home/robotics/ur16_ros2_ws/src/ros2_robot_driver/install/ros2_robot_driver/share/ros2_robot_driver/cmake/ros2_robot_driverConfig-version.cmake
-- Installing: /home/robotics/ur16_ros2_ws/src/ros2_robot_driver/install/ros2_robot_driver/share/ros2_robot_driver/package.xml
